[    0.000000] Linux version 4.15.0-213-generic (buildd@lcy02-amd64-079) (gcc version 7.5.0 (Ubuntu 7.5.0-3ubuntu1~18.04)) #224-Ubuntu SMP Mon Jun 19 13:30:12 UTC 2023 (Ubuntu 4.15.0-213.224-generic 4.15.18)
[    0.000000] Command line: BOOT_IMAGE=/boot/vmlinuz-4.15.0-213-generic root=UUID=f685bb41-0e3b-40c4-89c1-eea0f0583525 ro console=tty1 console=ttyS0
[    0.000000] KERNEL supported cpus:
[    0.000000]   Intel GenuineIntel
[    0.000000]   AMD AuthenticAMD
[    0.000000]   Centaur CentaurHauls
[    0.000000] x86/fpu: x87 FPU will use FXSAVE
[    0.000000] e820: BIOS-provided physical RAM map:
[    0.000000] BIOS-e820: [mem 0x0000000000000000-0x000000000009fbff] usable
[    0.000000] BIOS-e820: [mem 0x000000000009fc00-0x000000000009ffff] reserved
[    0.000000] BIOS-e820: [mem 0x00000000000f0000-0x00000000000fffff] reserved
[    0.000000] BIOS-e820: [mem 0x0000000000100000-0x000000003ffeffff] usable
[    0.000000] BIOS-e820: [mem 0x000000003fff0000-0x000000003fffffff] ACPI data
[    0.000000] BIOS-e820: [mem 0x00000000fec00000-0x00000000fec00fff] reserved
[    0.000000] BIOS-e820: [mem 0x00000000fee00000-0x00000000fee00fff] reserved
[    0.000000] BIOS-e820: [mem 0x00000000fffc0000-0x00000000ffffffff] reserved
[    0.000000] NX (Execute Disable) protection: active
[    0.000000] SMBIOS 2.5 present.
[    0.000000] DMI: innotek GmbH VirtualBox/VirtualBox, BIOS VirtualBox 12/01/2006
[    0.000000] Hypervisor detected: KVM
[    0.000000] e820: last_pfn = 0x3fff0 max_arch_pfn = 0x400000000
[    0.000000] MTRR: Disabled
[    0.000000] x86/PAT: MTRRs disabled, skipping PAT initialization too.
[    0.000000] CPU MTRRs all blank - virtualized system.
[    0.000000] x86/PAT: Configuration [0-7]: WB  WT  UC- UC  WB  WT  UC- UC  
[    0.000000] found SMP MP-table at [mem 0x0009fff0-0x0009ffff]
[    0.000000] Scanning 1 areas for low memory corruption
[    0.000000] RAMDISK: [mem 0x35819000-0x36c03fff]
[    0.000000] ACPI: Early table checksum verification disabled
[    0.000000] ACPI: RSDP 0x00000000000E0000 000024 (v02 VBOX  )
[    0.000000] ACPI: XSDT 0x000000003FFF0030 00003C (v01 VBOX   VBOXXSDT 00000001 ASL  00000061)
[    0.000000] ACPI: FACP 0x000000003FFF00F0 0000F4 (v04 VBOX   VBOXFACP 00000001 ASL  00000061)
[    0.000000] ACPI: DSDT 0x000000003FFF0610 002353 (v02 VBOX   VBOXBIOS 00000002 INTL 20100528)
[    0.000000] ACPI: FACS 0x000000003FFF0200 000040
[    0.000000] ACPI: FACS 0x000000003FFF0200 000040
[    0.000000] ACPI: APIC 0x000000003FFF0240 00005C (v02 VBOX   VBOXAPIC 00000001 ASL  00000061)
[    0.000000] ACPI: SSDT 0x000000003FFF02A0 00036C (v01 VBOX   VBOXCPUT 00000002 INTL 20100528)
[    0.000000] ACPI: Reserving FACP table memory at [mem 0x3fff00f0-0x3fff01e3]
[    0.000000] ACPI: Reserving DSDT table memory at [mem 0x3fff0610-0x3fff2962]
[    0.000000] ACPI: Reserving FACS table memory at [mem 0x3fff0200-0x3fff023f]
[    0.000000] ACPI: Reserving FACS table memory at [mem 0x3fff0200-0x3fff023f]
[    0.000000] ACPI: Reserving APIC table memory at [mem 0x3fff0240-0x3fff029b]
[    0.000000] ACPI: Reserving SSDT table memory at [mem 0x3fff02a0-0x3fff060b]
[    0.000000] No NUMA configuration found
[    0.000000] Faking a node at [mem 0x0000000000000000-0x000000003ffeffff]
[    0.000000] NODE_DATA(0) allocated [mem 0x3ffc5000-0x3ffeffff]
[    0.000000] kvm-clock: cpu 0, msr 0:3ff44001, primary cpu clock
[    0.000000] kvm-clock: Using msrs 4b564d01 and 4b564d00
[    0.000000] kvm-clock: using sched offset of 3629702934 cycles
[    0.000000] clocksource: kvm-clock: mask: 0xffffffffffffffff max_cycles: 0x1cd42e4dffb, max_idle_ns: 881590591483 ns
[    0.000000] Zone ranges:
[    0.000000]   DMA      [mem 0x0000000000001000-0x0000000000ffffff]
[    0.000000]   DMA32    [mem 0x0000000001000000-0x000000003ffeffff]
[    0.000000]   Normal   empty
[    0.000000]   Device   empty
[    0.000000] Movable zone start for each node
[    0.000000] Early memory node ranges
[    0.000000]   node   0: [mem 0x0000000000001000-0x000000000009efff]
[    0.000000]   node   0: [mem 0x0000000000100000-0x000000003ffeffff]
[    0.000000] Reserved but unavailable: 104 pages
[    0.000000] Initmem setup node 0 [mem 0x0000000000001000-0x000000003ffeffff]
[    0.000000] ACPI: PM-Timer IO Port: 0x4008
[    0.000000] IOAPIC[0]: apic_id 2, version 32, address 0xfec00000, GSI 0-23
[    0.000000] ACPI: INT_SRC_OVR (bus 0 bus_irq 0 global_irq 2 dfl dfl)
[    0.000000] ACPI: INT_SRC_OVR (bus 0 bus_irq 9 global_irq 9 low level)
[    0.000000] Using ACPI (MADT) for SMP configuration information
[    0.000000] smpboot: Allowing 2 CPUs, 0 hotplug CPUs
[    0.000000] PM: Registered nosave memory: [mem 0x00000000-0x00000fff]
[    0.000000] PM: Registered nosave memory: [mem 0x0009f000-0x0009ffff]
[    0.000000] PM: Registered nosave memory: [mem 0x000a0000-0x000effff]
[    0.000000] PM: Registered nosave memory: [mem 0x000f0000-0x000fffff]
[    0.000000] e820: [mem 0x40000000-0xfebfffff] available for PCI devices
[    0.000000] Booting paravirtualized kernel on KVM
[    0.000000] clocksource: refined-jiffies: mask: 0xffffffff max_cycles: 0xffffffff, max_idle_ns: 7645519600211568 ns
[    0.000000] setup_percpu: NR_CPUS:8192 nr_cpumask_bits:2 nr_cpu_ids:2 nr_node_ids:1
[    0.000000] percpu: Embedded 50 pages/cpu s167936 r8192 d28672 u1048576
[    0.000000] PV qspinlock hash table entries: 256 (order: 0, 4096 bytes)
[    0.000000] Built 1 zonelists, mobility grouping on.  Total pages: 257913
[    0.000000] Policy zone: DMA32
[    0.000000] Kernel command line: BOOT_IMAGE=/boot/vmlinuz-4.15.0-213-generic root=UUID=f685bb41-0e3b-40c4-89c1-eea0f0583525 ro console=tty1 console=ttyS0
[    0.000000] Memory: 981776K/1048120K available (12300K kernel code, 2477K rwdata, 4324K rodata, 2480K init, 2720K bss, 66344K reserved, 0K cma-reserved)
[    0.000000] SLUB: HWalign=64, Order=0-3, MinObjects=0, CPUs=2, Nodes=1
[    0.000000] ftrace: allocating 39508 entries in 155 pages
[    0.004000] Hierarchical RCU implementation.
[    0.004000] 	RCU restricting CPUs from NR_CPUS=8192 to nr_cpu_ids=2.
[    0.004000] 	Tasks RCU enabled.
[    0.004000] RCU: Adjusting geometry for rcu_fanout_leaf=16, nr_cpu_ids=2
[    0.004000] NR_IRQS: 524544, nr_irqs: 440, preallocated irqs: 16
[    0.004000] random: crng init done
[    0.004000] Console: colour VGA+ 80x25
[    0.004000] console [tty1] enabled
[    0.004000] console [ttyS0] enabled
[    0.004000] ACPI: Core revision 20170831
[    0.004000] ACPI: 2 ACPI AML tables successfully acquired and loaded
[    0.004000] APIC: Switch to symmetric I/O mode setup
[    0.004000] ..TIMER: vector=0x30 apic1=0 pin1=2 apic2=-1 pin2=-1
[    0.004006] tsc: Detected 1382.399 MHz processor
[    0.008012] Calibrating delay loop (skipped) preset value.. 2764.79 BogoMIPS (lpj=5529596)
[    0.012008] pid_max: default: 32768 minimum: 301
[    0.016098] Security Framework initialized
[    0.020003] Yama: becoming mindful.
[    0.024079] AppArmor: AppArmor initialized
[    0.031068] Dentry cache hash table entries: 131072 (order: 8, 1048576 bytes)
[    0.033557] Inode-cache hash table entries: 65536 (order: 7, 524288 bytes)
[    0.036068] Mount-cache hash table entries: 2048 (order: 2, 16384 bytes)
[    0.040062] Mountpoint-cache hash table entries: 2048 (order: 2, 16384 bytes)
[    0.048626] Last level iTLB entries: 4KB 0, 2MB 0, 4MB 0
[    0.052000] Last level dTLB entries: 4KB 0, 2MB 0, 4MB 0, 1GB 0
[    0.052004] Spectre V1 : Mitigation: usercopy/swapgs barriers and __user pointer sanitization
[    0.056004] Spectre V2 : Mitigation: Enhanced IBRS
[    0.060002] Spectre V2 : Spectre v2 / SpectreRSB mitigation: Filling RSB on context switch
[    0.064002] Spectre V2 : Spectre v2 / PBRSB-eIBRS: Retire a single CALL on VMEXIT
[    0.068003] RETBleed: Mitigation: Enhanced IBRS
[    0.072007] Speculative Store Bypass: Vulnerable
[    0.076192] Freeing SMP alternatives memory: 36K
[    0.197288] APIC calibration not consistent with PM-Timer: 103ms instead of 100ms
[    0.200000] APIC delta adjusted to PM-Timer: 6293993 (6483172)
[    0.200278] smpboot: CPU0: 11th Gen Intel(R) Core(TM) i5-1135G7 @ 2.40GHz (family: 0x6, model: 0x8c, stepping: 0x1)
[    0.204398] Performance Events: unsupported p6 CPU model 140 no PMU driver, software events only.
[    0.208102] Hierarchical SRCU implementation.
[    0.212170] NMI watchdog: Perf event create on CPU 0 failed with -2
[    0.216002] NMI watchdog: Perf NMI watchdog permanently disabled
[    0.220260] smp: Bringing up secondary CPUs ...
[    0.224709] x86: Booting SMP configuration:
[    0.227542] .... node  #0, CPUs:      #1
[    0.004000] kvm-clock: cpu 1, msr 0:3ff44041, secondary cpu clock
[    0.236000] TSC synchronization [CPU#0 -> CPU#1]:
[    0.236000] Measured 53192 cycles TSC warp between CPUs, turning off TSC clock.
[    0.236000] tsc: Marking TSC unstable due to check_tsc_sync_source failed
[    0.240146] smp: Brought up 1 node, 2 CPUs
[    0.242715] smpboot: Max logical packages: 1
[    0.244005] smpboot: Total of 2 processors activated (5529.59 BogoMIPS)
[    0.248568] devtmpfs: initialized
[    0.252083] x86/mm: Memory block size: 128MB
[    0.256419] evm: security.selinux
[    0.259343] evm: security.SMACK64
[    0.260004] evm: security.SMACK64EXEC
[    0.262402] evm: security.SMACK64TRANSMUTE
[    0.264002] evm: security.SMACK64MMAP
[    0.268002] evm: security.apparmor
[    0.272002] evm: security.ima
[    0.274012] evm: security.capability
[    0.276394] clocksource: jiffies: mask: 0xffffffff max_cycles: 0xffffffff, max_idle_ns: 7645041785100000 ns
[    0.280117] futex hash table entries: 512 (order: 3, 32768 bytes)
[    0.288019] pinctrl core: initialized pinctrl subsystem
[    0.292546] RTC time: 15:30:28, date: 07/19/23
[    0.297103] NET: Registered protocol family 16
[    0.300102] audit: initializing netlink subsys (disabled)
[    0.304004] audit: type=2000 audit(1689780633.464:1): state=initialized audit_enabled=0 res=1
[    0.312010] cpuidle: using governor ladder
[    0.314847] cpuidle: using governor menu
[    0.316078] ACPI: bus type PCI registered
[    0.320004] acpiphp: ACPI Hot Plug PCI Controller Driver version: 0.5
[    0.324480] PCI: Using configuration type 1 for base access
[    0.332285] HugeTLB registered 2.00 MiB page size, pre-allocated 0 pages
[    0.340435] ACPI: Added _OSI(Module Device)
[    0.344004] ACPI: Added _OSI(Processor Device)
[    0.348003] ACPI: Added _OSI(3.0 _SCP Extensions)
[    0.356003] ACPI: Added _OSI(Processor Aggregator Device)
[    0.360004] ACPI: Added _OSI(Linux-Dell-Video)
[    0.364002] ACPI: Added _OSI(Linux-Lenovo-NV-HDMI-Audio)
[    0.372004] ACPI: Added _OSI(Linux-HPI-Hybrid-Graphics)
[    0.376747] ACPI: Executed 1 blocks of module-level executable AML code
[    0.389354] ACPI: Interpreter enabled
[    0.392011] ACPI: (supports S0 S5)
[    0.396005] ACPI: Using IOAPIC for interrupt routing
[    0.400439] PCI: Using host bridge windows from ACPI; if necessary, use "pci=nocrs" and report a bug
[    0.412284] ACPI: Enabled 2 GPEs in block 00 to 07
[    0.426271] ACPI: PCI Root Bridge [PCI0] (domain 0000 [bus 00-ff])
[    0.432013] acpi PNP0A03:00: _OSC: OS supports [ASPM ClockPM Segments MSI]
[    0.436714] acpi PNP0A03:00: _OSC: not requesting OS control; OS requires [ExtendedConfig ASPM ClockPM MSI]
[    0.444018] acpi PNP0A03:00: fail to add MMCONFIG information, can't access extended PCI configuration space under this bridge.
[    0.452717] PCI host bridge to bus 0000:00
[    0.456006] pci_bus 0000:00: root bus resource [io  0x0000-0x0cf7 window]
[    0.460005] pci_bus 0000:00: root bus resource [io  0x0d00-0xffff window]
[    0.468004] pci_bus 0000:00: root bus resource [mem 0x000a0000-0x000bffff window]
[    0.472004] pci_bus 0000:00: root bus resource [mem 0x40000000-0xfdffffff window]
[    0.480004] pci_bus 0000:00: root bus resource [bus 00-ff]
[    0.490838] pci 0000:00:01.1: legacy IDE quirk: reg 0x10: [io  0x01f0-0x01f7]
[    0.496005] pci 0000:00:01.1: legacy IDE quirk: reg 0x14: [io  0x03f6]
[    0.500002] pci 0000:00:01.1: legacy IDE quirk: reg 0x18: [io  0x0170-0x0177]
[    0.504004] pci 0000:00:01.1: legacy IDE quirk: reg 0x1c: [io  0x0376]
[    0.527841] pci 0000:00:07.0: quirk: [io  0x4000-0x403f] claimed by PIIX4 ACPI
[    0.532030] pci 0000:00:07.0: quirk: [io  0x4100-0x410f] claimed by PIIX4 SMB
[    0.548912] ACPI: PCI Interrupt Link [LNKA] (IRQs 5 9 10 *11)
[    0.552654] ACPI: PCI Interrupt Link [LNKB] (IRQs 5 9 *10 11)
[    0.560175] ACPI: PCI Interrupt Link [LNKC] (IRQs 5 *9 10 11)
[    0.564230] ACPI: PCI Interrupt Link [LNKD] (IRQs 5 9 10 *11)
[    0.568604] SCSI subsystem initialized
[    0.576165] pci 0000:00:02.0: vgaarb: setting as boot VGA device
[    0.580000] pci 0000:00:02.0: vgaarb: VGA device added: decodes=io+mem,owns=io+mem,locks=none
[    0.584006] pci 0000:00:02.0: vgaarb: bridge control possible
[    0.588002] vgaarb: loaded
[    0.592064] ACPI: bus type USB registered
[    0.596022] usbcore: registered new interface driver usbfs
[    0.600036] usbcore: registered new interface driver hub
[    0.604011] usbcore: registered new device driver usb
[    0.612089] EDAC MC: Ver: 3.0.0
[    0.616294] PCI: Using ACPI for IRQ routing
[    0.620653] NetLabel: Initializing
[    0.623235] NetLabel:  domain hash size = 128
[    0.624002] NetLabel:  protocols = UNLABELED CIPSOv4 CALIPSO
[    0.628123] NetLabel:  unlabeled traffic allowed by default
[    0.632232] clocksource: Switched to clocksource kvm-clock
[    0.676975] VFS: Disk quotas dquot_6.6.0
[    0.682117] VFS: Dquot-cache hash table entries: 512 (order 0, 4096 bytes)
[    0.689330] AppArmor: AppArmor Filesystem Enabled
[    0.693086] pnp: PnP ACPI init
[    0.697409] pnp: PnP ACPI: found 3 devices
[    0.707149] clocksource: acpi_pm: mask: 0xffffff max_cycles: 0xffffff, max_idle_ns: 2085701024 ns
[    0.713361] NET: Registered protocol family 2
[    0.717772] IP idents hash table entries: 16384 (order: 5, 131072 bytes)
[    0.723369] TCP established hash table entries: 8192 (order: 4, 65536 bytes)
[    0.730014] TCP bind hash table entries: 8192 (order: 5, 131072 bytes)
[    0.736259] TCP: Hash tables configured (established 8192 bind 8192)
[    0.743303] UDP hash table entries: 512 (order: 2, 16384 bytes)
[    0.747621] UDP-Lite hash table entries: 512 (order: 2, 16384 bytes)
[    0.752233] NET: Registered protocol family 1
[    0.755545] pci 0000:00:00.0: Limiting direct PCI/PCI transfers
[    0.760138] pci 0000:00:01.0: Activating ISA DMA hang workarounds
[    0.764520] pci 0000:00:02.0: Video device with shadowed ROM at [mem 0x000c0000-0x000dffff]
[    0.770648] Unpacking initramfs...
[    1.218938] Freeing initrd memory: 20396K
[    1.221962] clocksource: tsc: mask: 0xffffffffffffffff max_cycles: 0x13ed2d55cc7, max_idle_ns: 440795242568 ns
[    1.228920] platform rtc_cmos: registered platform RTC device (no PNP device found)
[    1.233919] Scanning for low memory corruption every 60 seconds
[    1.241137] Initialise system trusted keyrings
[    1.245580] Key type blacklist registered
[    1.249161] workingset: timestamp_bits=36 max_order=18 bucket_order=0
[    1.255387] zbud: loaded
[    1.259320] squashfs: version 4.0 (2009/01/31) Phillip Lougher
[    1.264481] fuse init (API version 7.26)
[    1.292622] Key type asymmetric registered
[    1.297078] Asymmetric key parser 'x509' registered
[    1.300536] Block layer SCSI generic (bsg) driver version 0.4 loaded (major 246)
[    1.305789] io scheduler noop registered
[    1.309752] io scheduler deadline registered
[    1.313494] io scheduler cfq registered (default)
[    1.318187] ACPI: AC Adapter [AC] (on-line)
[    1.321218] input: Power Button as /devices/LNXSYSTM:00/LNXPWRBN:00/input/input0
[    1.326752] ACPI: Power Button [PWRF]
[    1.329996] input: Sleep Button as /devices/LNXSYSTM:00/LNXSLPBN:00/input/input1
[    1.334986] ACPI: Sleep Button [SLPF]
[    1.339295] ACPI: Battery Slot [BAT0] (battery present)
[    1.343340] Serial: 8250/16550 driver, 32 ports, IRQ sharing enabled
[    1.372506] 00:02: ttyS0 at I/O 0x3f8 (irq = 4, base_baud = 115200) is a 16550A
[    1.392616] Linux agpgart interface v0.103
[    1.402170] loop: module loaded
[    1.408317] scsi host0: ata_piix
[    1.412233] scsi host1: ata_piix
[    1.415248] ata1: PATA max UDMA/33 cmd 0x1f0 ctl 0x3f6 bmdma 0xd000 irq 14
[    1.420056] ata2: PATA max UDMA/33 cmd 0x170 ctl 0x376 bmdma 0xd008 irq 15
[    1.424961] tun: Universal TUN/TAP device driver, 1.6
[    1.428785] PPP generic driver version 2.4.2
[    1.432434] ehci_hcd: USB 2.0 'Enhanced' Host Controller (EHCI) Driver
[    1.437449] ehci-pci: EHCI PCI platform driver
[    1.440498] ehci-platform: EHCI generic platform driver
[    1.443830] ohci_hcd: USB 1.1 'Open' Host Controller (OHCI) Driver
[    1.448109] ohci-pci: OHCI PCI platform driver
[    1.451116] ohci-platform: OHCI generic platform driver
[    1.454937] uhci_hcd: USB Universal Host Controller Interface driver
[    1.459177] i8042: PNP: PS/2 Controller [PNP0303:PS2K,PNP0f03:PS2M] at 0x60,0x64 irq 1,12
[    1.466754] serio: i8042 KBD port at 0x60,0x64 irq 1
[    1.471343] serio: i8042 AUX port at 0x60,0x64 irq 12
[    1.476726] mousedev: PS/2 mouse device common for all mice
[    1.483053] rtc_cmos rtc_cmos: rtc core: registered rtc_cmos as rtc0
[    1.489544] rtc_cmos rtc_cmos: alarms up to one day, 114 bytes nvram
[    1.494769] i2c /dev entries driver
[    1.497751] device-mapper: uevent: version 1.0.3
[    1.501146] input: AT Translated Set 2 keyboard as /devices/platform/i8042/serio0/input/input2
[    1.507582] device-mapper: ioctl: 4.37.0-ioctl (2017-09-20) initialised: dm-devel@redhat.com
[    1.513779] ledtrig-cpu: registered to indicate activity on CPUs
[    1.521323] NET: Registered protocol family 10
[    1.531950] Segment Routing with IPv6
[    1.536732] NET: Registered protocol family 17
[    1.540471] Key type dns_resolver registered
[    1.544457] mce: Using 0 MCE banks
[    1.547746] RAS: Correctable Errors collector initialized.
[    1.552891] sched_clock: Marking stable (1552819738, 0)->(2107052949, -554233211)
[    1.562757] registered taskstats version 1
[    1.566058] Loading compiled-in X.509 certificates
[    1.574784] Loaded X.509 cert 'Build time autogenerated kernel key: cdc7189136aaa35407544516090e2034d9c28e14'
[    1.584044] Loaded X.509 cert 'Canonical Ltd. Live Patch Signing: 14df34d1a87cf37625abec039ef2bf521249b969'
[    1.592984] Loaded X.509 cert 'Canonical Ltd. Kernel Module Signing: 88f752e560a1e0737e31163a466ad7b70a850c19'
[    1.600285] blacklist: Loading compiled-in revocation X.509 certificates
[    1.604674] Loaded X.509 cert 'Canonical Ltd. Secure Boot Signing: 61482aa2830d0ab2ad5af10b7250da9033ddcef0'
[    1.611933] Loaded X.509 cert 'Canonical Ltd. Secure Boot Signing (2017): 242ade75ac4a15e50d50c84b0d45ff3eae707a03'
[    1.642700] Loaded X.509 cert 'Canonical Ltd. Secure Boot Signing (ESM 2018): 365188c1d374d6b07c3c8f240f8ef722433d6a8b'
[    1.652671] Loaded X.509 cert 'Canonical Ltd. Secure Boot Signing (2019): c0746fd6c5da3ae827864651ad66ae47fe24b3e8'
[    1.661108] Loaded X.509 cert 'Canonical Ltd. Secure Boot Signing (2021 v1): a8d54bbb3825cfb94fa13c9f8a594a195c107b8d'
[    1.668155] Loaded X.509 cert 'Canonical Ltd. Secure Boot Signing (2021 v2): 4cf046892d6fd3c9a5b03f98d845f90851dc6a8c'
[    1.676123] Loaded X.509 cert 'Canonical Ltd. Secure Boot Signing (2021 v3): 100437bb6de6e469b581e61cd66bce3ef4ed53af'
[    1.683258] Loaded X.509 cert 'Canonical Ltd. Secure Boot Signing (Ubuntu Core 2019): c1d57b8f6b743f23ee41f4f7ee292f06eecadfb9'
[    1.690740] zswap: loaded using pool lzo/zbud
[    1.705001] Key type big_key registered
[    1.708331] Key type trusted registered
[    1.714847] Key type encrypted registered
[    1.718618] AppArmor: AppArmor sha1 policy hashing enabled
[    1.723491] ima: No TPM chip found, activating TPM-bypass! (rc=-19)
[    1.729574] ima: Allocated hash algorithm: sha1
[    1.733790] evm: HMAC attrs: 0x1
[    1.737636]   Magic number: 15:502:538
[    1.741139] tty ttyS18: hash matches
[    1.744987] rtc_cmos rtc_cmos: setting system clock to 2023-07-19 15:30:29 UTC (1689780629)
[    1.751547] BIOS EDD facility v0.16 2004-Jun-25, 0 devices found
[    1.755549] EDD information not available.
[    1.761087] Freeing unused kernel image memory: 2480K
[    1.776590] Write protecting the kernel read-only data: 20480k
[    1.784312] Freeing unused kernel image memory: 2008K
[    1.788066] Freeing unused kernel image memory: 1820K
[    1.794959] x86/mm: Checked W+X mappings: passed, no W+X pages found.
Loading, please wait...
starting version 237
[    1.883580] Fusion MPT base driver 3.04.20
[    1.888497] Copyright (c) 1999-2008 LSI Corporation
[    1.893944] e1000: Intel(R) PRO/1000 Network Driver - version 7.3.21-k8-NAPI
[    1.900602] e1000: Copyright (c) 1999-2006 Intel Corporation.
[    1.919655] Fusion MPT SPI Host driver 3.04.20
[    1.923538] SSE version of gcm_enc/dec engaged.
[    2.138085] input: ImExPS/2 Generic Explorer Mouse as /devices/platform/i8042/serio1/input/input4
[    2.535336] e1000 0000:00:03.0 eth0: (PCI:33MHz:32-bit) 02:3b:7b:b7:3b:2d
[    2.541208] e1000 0000:00:03.0 eth0: Intel(R) PRO/1000 Network Connection
[    3.140151] e1000 0000:00:08.0 eth1: (PCI:33MHz:32-bit) 08:00:27:22:a2:65
[    3.146471] e1000 0000:00:08.0 eth1: Intel(R) PRO/1000 Network Connection
[    3.153722] e1000 0000:00:03.0 enp0s3: renamed from eth0
[    3.157996] mptbase: ioc0: Initiating bringup
[    4.851830] e1000 0000:00:08.0 enp0s8: renamed from eth1
[    5.156306] ioc0: LSI53C1030 A0: Capabilities={Initiator}
[    6.770343] scsi host2: ioc0: LSI53C1030 A0, FwRev=00000000h, Ports=1, MaxQ=256, IRQ=20
[    7.666529] scsi 2:0:0:0: Direct-Access     VBOX     HARDDISK         1.0  PQ: 0 ANSI: 5
[    7.708236] scsi target2:0:0: Beginning Domain Validation
[    7.720193] scsi target2:0:0: Domain Validation skipping write tests
[    7.725717] scsi target2:0:0: Ending Domain Validation
[    7.731044] scsi target2:0:0: asynchronous
[    7.737504] scsi 2:0:1:0: Direct-Access     VBOX     HARDDISK         1.0  PQ: 0 ANSI: 5
[    7.776392] scsi target2:0:1: Beginning Domain Validation
[    7.789256] scsi target2:0:1: Domain Validation skipping write tests
[    7.795646] scsi target2:0:1: Ending Domain Validation
[    7.800900] scsi target2:0:1: asynchronous
[    7.817601] sd 2:0:0:0: Attached scsi generic sg0 type 0
[    7.818461] sd 2:0:0:0: [sda] 83886080 512-byte logical blocks: (42.9 GB/40.0 GiB)
[    7.822888] sd 2:0:1:0: Attached scsi generic sg1 type 0
[    7.828555] sd 2:0:0:0: [sda] Write Protect is off
[    7.836929] sd 2:0:1:0: [sdb] 20480 512-byte logical blocks: (10.5 MB/10.0 MiB)
[    7.836942] sd 2:0:0:0: [sda] Incomplete mode parameter data
[    7.846526] sd 2:0:0:0: [sda] Assuming drive cache: write through
[    7.851564] sd 2:0:1:0: [sdb] Write Protect is off
[    7.856835] sd 2:0:1:0: [sdb] Incomplete mode parameter data
[    7[ 2574.658665] INFO: rcu_sched detected stalls on CPUs/tasks:
[ 2574.658926] INFO: rcu_sched self-detected stall on CPU
[ 2574.662929] 	1-...!: (6 ticks this GP) idle=956/140000000000001/0 softirq=843/845 fqs=2 
[ 2574.674365] 	(detected by 0, t=642317 jiffies, g=-162, c=-163, q=255)
[ 2574.674456] 	1-...!: (6 ticks this GP) idle=956/140000000000001/0 softirq=843/845 fqs=2 
[ 2574.687246] 	 (t=642317 jiffies g=-162 c=-163 q=255)
[ 2574.687286] Sending NMI from CPU 0 to CPUs 1:
[ 2574.692359] rcu_sched kthread starved for 642309 jiffies! g18446744073709551454 c18446744073709551453 f0x0 RCU_GP_WAIT_FQS(3) ->state=0x402 ->cpu=0
[ 2574.697016] NMI backtrace for cpu 1
[ 2574.697017] CPU: 1 PID: 284 Comm: modprobe Not tainted 4.15.0-212-generic #223-Ubuntu
[ 2574.697018] Hardware name: innotek GmbH VirtualBox/VirtualBox, BIOS VirtualBox 12/01/2006
[ 2574.697018] RIP: 0010:io_serial_out+0x1a/0x20
[ 2574.697018] RSP: 0018:ffff9fed7fd03c00 EFLAGS: 00010002
[ 2574.697019] RAX: 000000000000005b RBX: ffffffff99b16e60 RCX: 0000000000000000
[ 2574.697019] RDX: 00000000000003f8 RSI: 0000000000000000 RDI: ffffffff99b16e60
[ 2574.697020] RBP: ffff9fed7fd03c00 R08: 0000000000000000 R09: 0000000000000007
[ 2574.697020] R10: 0000000000000000 R11: ffffffff9996a80d R12: 000000000000005b
[ 2574.697020] R13: ffffffff9996a897 R14: ffffffff9996a801 R15: ffffffff99b16e60
[ 2574.697021] FS:  00007fd490015540(0000) GS:ffff9fed7fd00000(0000) knlGS:0000000000000000
[ 2574.697021] CS:  0010 DS: 0000 ES: 0000 CR0: 0000000080050033
[ 2574.697021] CR2: 00007fce1ef485a0 CR3: 0000000036bfe004 CR4: 00000000000206e0
[ 2574.697021] Call Trace:
[ 2574.697022]  <IRQ>
[ 2574.697022]  serial8250_console_putchar+0x2d/0x40
[ 2574.697022]  ? wait_for_xmitr+0xb0/0xb0
[ 2574.697023]  uart_console_write+0x4c/0x60
[ 2574.697023]  serial8250_console_write+0x10a/0x2a0
[ 2574.697023]  ? msg_print_text+0x80/0x100
[ 2574.697023]  univ8250_console_write+0x21/0x30
[ 2574.697024]  console_unlock+0x3cf/0x560
[ 2574.697024]  vprintk_emit+0x134/0x2c0
[ 2574.697024]  vprintk_default+0x29/0x50
[ 2574.697024]  vprintk_func+0x47/0xc0
[ 2574.697025]  printk+0x52/0x6e
[ 2574.697025]  rcu_check_gp_kthread_starvation+0x98/0xc0
[ 2574.697025]  rcu_check_callbacks+0x6c5/0x8e0
[ 2574.697025]  ? tick_sched_do_timer+0x50/0x50
[ 2574.697026]  update_process_times+0x2f/0x60
[ 2574.697026]  tick_sched_handle+0x26/0x70
[ 2574.697026]  ? tick_sched_do_timer+0x42/0x50
[ 2574.697027]  tick_sched_timer+0x39/0x80
[ 2574.697027]  __hrtimer_run_queues+0xdf/0x230
[ 2574.697027]  hrtimer_interrupt+0x97/0x180
[ 2574.697027]  smp_apic_timer_interrupt+0x6f/0x140
[ 2574.697028]  apic_timer_interrupt+0x90/0xa0
[ 2574.697028]  </IRQ>
[ 2574.697028] RIP: 0010:raid6_sse21_gen_syndrome+0xb2/0x130 [raid6_pq]
[ 2574.697028] RSP: 0018:ffffabe4403a7b50 EFLAGS: 00010287 ORIG_RAX: ffffffffffffff11
[ 2574.697029] RAX: ffffabe4403a7be0 RBX: 0000000000001000 RCX: ffffffffc0290600
[ 2574.697029] RDX: 0000000000000e90 RSI: ffffabe4403a7c18 RDI: 000000000000000d
[ 2574.697030] RBP: ffffabe4403a7b80 R08: ffffabe4403a7b98 R09: 0000000000000e90
[ 2574.697030] R10: ffffabe4403a7c10 R11: ffffabe4403a7c08 R12: ffff9fed768b6000
[ 2574.697030] R13: ffff9fed768b7000 R14: ffffabe4403a7ba0 R15: 0000000000000080
[ 2574.697031]  init_module+0x118/0x1000 [raid6_pq]
[ 2574.697031]  ? 0xffffffffc01d0000
[ 2574.697031]  do_one_initcall+0x52/0x1b0
[ 2574.697031]  ? _cond_resched+0x19/0x40
[ 2574.697032]  ? kmem_cache_alloc_trace+0x167/0x1d0
[ 2574.697032]  ? do_init_module+0x27/0x1f2
[ 2574.697032]  do_init_module+0x4f/0x1f2
[ 2574.697033]  load_module+0x1aa7/0x1fd0
[ 2574.697033]  ? ima_post_read_file+0x96/0xa0
[ 2574.697033]  SYSC_finit_module+0xfc/0x120
[ 2574.697033]  ? SYSC_finit_module+0xfc/0x120
[ 2574.697034]  SyS_finit_module+0xe/0x10
[ 2574.697034]  do_syscall_64+0x73/0x130
[ 2574.697034]  entry_SYSCALL_64_after_hwframe+0x59/0xbe
[ 2574.697034] RIP: 0033:0x7fd48fb18539
[ 2574.697035] RSP: 002b:00007ffec1b1f548 EFLAGS: 00000246 ORIG_RAX: 0000000000000139
[ 2574.697035] RAX: ffffffffffffffda RBX: 0000557c1bf72880 RCX: 00007fd48fb18539
[ 2574.697036] RDX: 0000000000000000 RSI: 0000557c19f57cee RDI: 0000000000000004
[ 2574.697036] RBP: 0000557c19f57cee R08: 0000000000000000 R09: 0000557c1bf71e00
[ 2574.697036] R10: 0000000000000004 R11: 0000000000000246 R12: 0000000000000000
[ 2574.697037] R13: 0000557c1bf72830 R14: 0000000000060000 R15: 0000557c1bf71e00
[ 2574.697037] Code: 55 48 89 e5 d3 e6 01 f2 ec 0f b6 c0 5d c3 0f 1f 00 0f 1f 44 00 00 0f b6 8f a1 00 00 00 89 d0 8b 57 08 55 48 89 e5 d3 e6 01 f2 ee <5d> c3 0f 1f 40 00 0f 1f 44 00 00 0f b6 87 a2 00 00 00 55 48 c7 
[ 2574.697048] rcu_sched kthread starved for 642309 jiffies! g18446744073709551454 c18446744073709551453 f0x0 RCU_GP_WAIT_FQS(3) ->state=0x402 ->cpu=0
[ 2574.708178] rcu_sched       I    0     8      2 0x80000000
[ 2574.711988] rcu_sched       I    0     8      2 0x80000000
[ 2574.718896] Call Trace:
[ 2574.725955] Call Trace:
[ 2574.730037]  __schedule+0x24e/0x890
[ 2574.734161]  __schedule+0x24e/0x890
[ 2574.741744]  schedule+0x2c/0x80
[ 2574.748138]  schedule+0x2c/0x80
[ 2574.755183]  schedule_timeout+0x15d/0x370
[ 2574.762238]  schedule_timeout+0x15d/0x370
[ 2574.769843]  ? __next_timer_interrupt+0xe0/0xe0
[ 2574.776579]  ? __next_timer_interrupt+0xe0/0xe0
[ 2574.782083]  rcu_gp_kthread+0x53a/0x980
[ 2574.788637]  rcu_gp_kthread+0x53a/0x980
[ 2574.791092]  kthread+0x121/0x140
[ 2574.792897]  kthread+0x121/0x140
[ 2574.797112]  ? rcu_note_context_switch+0x150/0x150
[ 2574.800834]  ? rcu_note_context_switch+0x150/0x150
[ 2574.804461]  ? kthread_create_worker_on_cpu+0x70/0x70
[ 2574.808516]  ? kthread_create_worker_on_cpu+0x70/0x70
[ 2574.812066]  ret_from_fork+0x1f/0x40
[ 2574.815508]  ret_from_fork+0x1f/0x40
[ 2574.819078] NMI backtrace for cpu 1
[ 2575.093195] CPU: 1 PID: 284 Comm: modprobe Not tainted 4.15.0-212-generic #223-Ubuntu
[ 2575.099601] Hardware name: innotek GmbH VirtualBox/VirtualBox, BIOS VirtualBox 12/01/2006
[ 2575.106337] Call Trace:
[ 2575.108627]  <IRQ>
[ 2575.110483]  dump_stack+0x6d/0x8b
[ 2575.113009]  nmi_cpu_backtrace+0x94/0xa0
[ 2575.115784]  ? lapic_can_unplug_cpu+0xb0/0xb0
[ 2575.120375]  nmi_trigger_cpumask_backtrace+0xe7/0x130
[ 2575.123816]  arch_trigger_cpumask_backtrace+0x19/0x20
[ 2575.127811]  rcu_dump_cpu_stacks+0xa3/0xd5
[ 2575.130648]  rcu_check_callbacks+0x6cd/0x8e0
[ 2575.133646]  ? tick_sched_do_timer+0x50/0x50
[ 2575.137293]  update_process_times+0x2f/0x60
[ 2575.140460]  tick_sched_handle+0x26/0x70
[ 2575.143203]  ? tick_sched_do_timer+0x42/0x50
[ 2575.145939]  tick_sched_timer+0x39/0x80
[ 2575.148558]  __hrtimer_run_queues+0xdf/0x230
[ 2575.152044]  hrtimer_interrupt+0x97/0x180
[ 2575.154547]  smp_apic_timer_interrupt+0x6f/0x140
[ 2575.157604]  apic_timer_interrupt+0x90/0xa0
[ 2575.160487]  </IRQ>
[ 2575.161960] RIP: 0010:raid6_sse21_gen_syndrome+0xb2/0x130 [raid6_pq]
[ 2575.165949] RSP: 0018:ffffabe4403a7b50 EFLAGS: 00010287 ORIG_RAX: ffffffffffffff11
[ 2575.170916] RAX: ffffabe4403a7be0 RBX: 0000000000001000 RCX: ffffffffc0290600
[ 2575.176303] RDX: 0000000000000e90 RSI: ffffabe4403a7c18 RDI: 000000000000000d
[ 2575.180927] RBP: ffffabe4403a7b80 R08: ffffabe4403a7b98 R09: 0000000000000e90
[ 2575.185596] R10: ffffabe4403a7c10 R11: ffffabe4403a7c08 R12: ffff9fed768b6000
[ 2575.190121] R13: ffff9fed768b7000 R14: ffffabe4403a7ba0 R15: 0000000000000080
[ 2575.194476]  init_module+0x118/0x1000 [raid6_pq]
[ 2575.197707]  ? 0xffffffffc01d0000
[ 2575.200920]  do_one_initcall+0x52/0x1b0
[ 2575.204535]  ? _cond_resched+0x19/0x40
[ 2575.207360]  ? kmem_cache_alloc_trace+0x167/0x1d0
[ 2575.211083]  ? do_init_module+0x27/0x1f2
[ 2575.213688]  do_init_module+0x4f/0x1f2
[ 2575.216394]  load_module+0x1aa7/0x1fd0
[ 2575.219437]  ? ima_post_read_file+0x96/0xa0
[ 2575.222307]  SYSC_finit_module+0xfc/0x120
[ 2575.224833]  ? SYSC_finit_module+0xfc/0x120
[ 2575.227713]  SyS_finit_module+0xe/0x10
[ 2575.230413]  do_syscall_64+0x73/0x130
[ 2575.233031]  entry_SYSCALL_64_after_hwframe+0x59/0xbe
[ 2575.236513] RIP: 0033:0x7fd48fb18539
[ 2575.238936] RSP: 002b:00007ffec1b1f548 EFLAGS: 00000246 ORIG_RAX: 0000000000000139
[ 2575.244147] RAX: ffffffffffffffda RBX: 0000557c1bf72880 RCX: 00007fd48fb18539
[ 2575.249708] RDX: 0000000000000000 RSI: 0000557c19f57cee RDI: 0000000000000004
[ 2575.254325] RBP: 0000557c19f57cee R08: 0000000000000000 R09: 0000557c1bf71e00
[ 2575.259106] R10: 0000000000000004 R11: 0000000000000246 R12: 0000000000000000
[ 2575.263703] R13: 0000557c1bf72830 R14: 0000000000060000 R15: 0000557c1bf71e00
[ 2575.268503] raid6: sse2x1   gen() 891510844 MB/s
[ 2575.326436] raid6: sse2x1   xor() 11765 MB/s
[ 2575.389814] raid6: sse2x2   gen() 26045 MB/s
[ 2575.669679] raid6: sse2x2   xor() 85010 MB/s
[ 2575.720990] raid6: sse2x4   gen() 19143 MB/s
[ 2575.772892] raid6: sse2x4   xor() 11616 MB/s
[ 2575.776857] raid6: using algorithm sse2x1 gen() 891510844 MB/s
[ 2575.780738] raid6: .... xor() 11765 MB/s, rmw enabled
[ 2575.784003] raid6: using ssse3x2 recovery algorithm
[ 2575.791135] xor: measuring software checksum speed
[ 2575.833249]    prefetch64-sse: 24877.000 MB/sec
[ 2575.876343]    generic_sse: 25169.000 MB/sec
[ 2575.879790] xor: using function: generic_sse (25169.000 MB/sec)
[ 2575.886621] async_tx: api initialized (async)
done.
Begin: Running /scripts/init-premount ... done.
Begin: Mounting root file system ... Begin: Running /scripts/local-top ... done.
Begin: Running /scripts/local-premount ... [ 2575.949251] Btrfs loaded, crc32c=crc32c-intel
Scanning for Btrfs filesystems
done.
Warning: fsck not present, so skipping root file system
[ 2576.004827] EXT4-fs (sda1): mounted filesystem with ordered data mode. Opts: (null)
done.
Begin: Running /scripts/local-bottom ... done.
Begin: Running /scripts/init-bottom ... done.
[ 2576.235999] ip_tables: (C) 2000-2006 Netfilter Core Team
[ 2576.254785] systemd[1]: systemd 237 running in system mode. (+PAM +AUDIT +SELINUX +IMA +APPARMOR +SMACK +SYSVINIT +UTMP +LIBCRYPTSETUP +GCRYPT +GNUTLS +ACL +XZ +LZ4 +SECCOMP +BLKID +ELFUTILS +KMOD -IDN2 +IDN -PCRE2 default-hierarchy=hybrid)
[ 2576.270241] systemd[1]: Detected virtualization oracle.
[ 2576.274376] systemd[1]: Detected architecture x86-64.

Welcome to [1mUbuntu 18.04.6 LTS[0m!

[ 2576.305243] systemd[1]: Set hostname to <clienteUbuntu>.
[ 2576.643812] systemd[1]: Started Forward Password Requests to Wall Directory Watch.
[[0;32m  OK  [0m] Started Forward Password Requests to Wall Directory Watch.
[ 2576.651456] systemd[1]: Set up automount Arbitrary Executable File Formats File System Automount Point.
[[0;32m  OK  [0m] Set up automount Arbitrary Executabâ€¦rmats File System Automount Point.
[ 2576.659855] systemd[1]: Reached target User and Group Name Lookups.
[[0;32m  OK  [0m] Reached target User and Group Name Lookups.
[ 2576.665835] systemd[1]: Reached target Mounting snaps.
[[0;32m  OK  [0m] Reached target Mounting snaps.
[ 2576.679671] systemd[1]: Created slice System Slice.
[[0;32m  OK  [0m] Created slice System Slice.
[ 2576.684605] systemd[1]: Listening on Device-mapper event daemon FIFOs.
[[0;32m  OK  [0m] Listening on Device-mapper event daemon FIFOs.
[[0;32m  OK  [0m] Listening on Journal Audit Socket.
[[0;32m  OK  [0m] Listening on udev Control Socket.
[[0;32m  OK  [0m] Listening on fsck to fsckd communication Socket.
[[0;32m  OK  [0m] Listening on Journal Socket (/dev/log).
[[0;32m  OK  [0m] Listening on /dev/initctl Compatibility Named Pipe.
[[0;32m  OK  [0m] Listening on Journal Socket.
         Mounting Huge Pages File System...
         Starting Set the console keyboard layout...
         Mounting Kernel Debug File System...
         Starting Uncomplicated firewall...
         Mounting POSIX Message Queue File System...
         Starting Load Kernel Modules...
[[0;32m  OK  [0m] Listening on udev Kernel Socket.
         Starting File System Check on Root Device...
[[0;32m  OK  [0m] Listening on Syslog Socket.
[[0;32m  OK  [0m] Listening on Network Service Netlink Socket.
[ 2576.771235] Loading iSCSI transport class v2.0-870.
         Starting Journal Service...
[[0;32m  OK  [0m] Listening on LVM2 metadata daemon socket.
         Starting Monitoring of LVM2 mirrorsâ€¦ng dmeventd or progress polling...
[[0;32m  OK  [0m] Listening on LVM2 poll daemon socket.
[[0;32m  OK  [0m] Reached target Mounted snaps.
[ 2576.806866] iscsi: registered transport (tcp)
[[0;32m  OK  [0m] Created slice system-serial\x2dgetty.slice.
         Starting Create list of required stâ€¦ce nodes for the current kernel...
[[0;32m  OK  [0m] Created slice User and Session Slice.
[[0;32m  OK  [0m] Reached target Slices.
[[0;32m  OK  [0m] Reached target System Time Synchronized.
         Starting udev Coldplug all Devices...
[[0;32m  OK  [0m] Reached target Swap.
[[0;32m  OK  [0m] Started Journal Service.
[[0;32m  OK  [0m] Mounted Huge Pages File System.
[ 2576.936036] iscsi: registered transport (iser)
[[0;32m  OK  [0m] Started Set the console keyboard layout.
[[0;32m  OK  [0m] Mounted Kernel Debug File System.
[[0;32m  OK  [0m] Started Uncomplicated firewall.
[[0;32m  OK  [0m] Mounted POSIX Message Queue File System.
[[0;32m  OK  [0m] Started Load Kernel Modules.
[[0;32m  OK  [0m] Started File System Check on Root Device.
[[0;32m  OK  [0m] Started Create list of required staâ€¦vice nodes for the current kernel.
[[0;32m  OK  [0m] Started LVM2 metadata daemon.
[[0;32m  OK  [0m] Started File System Check Daemon to report status.
         Starting Create Static Device Nodes in /dev...
         Starting Remount Root and Kernel File Systems...
         Starting Apply Kernel Variables...
         Mounting Kernel Configuration File System...
         Mounting FUSE Control File System...
[[0;32m  OK  [0m] Started udev Coldplug all Devices.
[[0;32m  OK  [0m] Mounted Kernel Configuration File System.
[[0;32m  OK  [0m] Mounted FUSE Control File System.
[[0;32m  OK  [0m] Started Create Static Device Nodes in /dev.
[[0;32m  OK  [0m] Started Remount Root and Kernel File Systems.
         Starting udev Kernel Device Manager...
         Starting Load/Save Random Seed...
         Starting Flush Journal to Persistent Storage...
[[0;32m  OK  [0m] Started Monitoring of LVM2 mirrors,â€¦sing dmeventd or progress polling.
[[0;32m  OK  [0m] Started Apply Kernel Variables.
[[0;32m  OK  [0m] Reached target Local File Systems (Pre).
[[0;32m  OK  [0m] Reached target Local File Systems.
         Starting AppArmor initialization...
         Starting Set console font and keymap...
         Starting ebtables ruleset management...
         Starting Tell Plymouth To Write Out Runtime Data...
[[0;32m  OK  [0m] Started udev Kernel Device Manager.
[[0;32m  OK  [0m] Started Dispatch Password Requests to Console Directory Watch.
[[0;32m  OK  [0m] Reached target Local Encrypted Volumes.
[[0;32m  OK  [0m] Started Load/Save Random Seed.
[[0;32m  OK  [0m] Started Tell Plymouth To Write Out Runtime Data.
[[0;32m  OK  [0m] Started Set console font and keymap.
[[0;32m  OK  [0m] Started Flush Journal to Persistent Storage.
         Starting Create Volatile Files and Directories...
[[0;32m  OK  [0m] Started Create Volatile Files and Directories.
         Starting Update UTMP about System Boot/Shutdown...
[[0;32m  OK  [0m] Started Update UTMP about System Boot/Shutdown.
[[0;32m  OK  [0m] Started ebtables ruleset management.
[[0;32m  OK  [0m] Found device /dev/ttyS0.
[[0;32m  OK  [0m] Listening on Load/Save RF Kill Switch Status /dev/rfkill Watch.
[[0;32m  OK  [0m] Started AppArmor initialization.
         Mounting Arbitrary Executable File Formats File System...
         Starting Initial cloud-init job (pre-networking)...
         Starting Load AppArmor profiles managed internally by snapd...
[[0;32m  OK  [0m] Mounted Arbitrary Executable File Formats File System.
[[0;32m  OK  [0m] Started Load AppArmor profiles managed internally by snapd.
[ 2579.551029] cloud-init[587]: Cloud-init v. 23.1.2-0ubuntu0~18.04.1 running 'init-local' at Wed, 19 Jul 2023 16:08:04 +0000. Up 2579.34 seconds.
[[0;32m  OK  [0m] Started Initial cloud-init job (pre-networking).
[[0;32m  OK  [0m] Reached target Network (Pre).
         Starting Network Service...
[[0;32m  OK  [0m] Started Network Service.
         Starting Network Name Resolution...
         Starting Wait for Network to be Configured...
[[0;32m  OK  [0m] Started Network Name Resolution.
[[0;32m  OK  [0m] Reached target Host and Network Name Lookups.
[[0;32m  OK  [0m] Reached target Network.
[[0;32m  OK  [0m] Started Wait for Network to be Configured.
         Starting Initial cloud-init job (metadata service crawler)...
[ 2582.664319] cloud-init[693]: Cloud-init v. 23.1.2-0ubuntu0~18.04.1 running 'init' at Wed, 19 Jul 2023 16:08:07 +0000. Up 2582.55 seconds.
[ 2582.668620] cloud-init[693]: ci-info: ++++++++++++++++++++++++++++++++++++++Net device info+++++++++++++++++++++++++++++++++++++++
[ 2582.671808] cloud-init[693]: ci-info: +--------+------+-----------------------------+---------------+--------+-------------------+
[ 2582.674805] cloud-init[693]: ci-info: | Device |  Up  |           Address           |      Mask     | Scope  |     Hw-Address    |
[ 2582.677883] cloud-init[693]: ci-info: +--------+------+-----------------------------+---------------+--------+-------------------+
[ 2582.680765] cloud-init[693]: ci-info: | enp0s3 | True |          10.0.2.15          | 255.255.255.0 | global | 02:3b:7b:b7:3b:2d |
[ 2582.683585] cloud-init[693]: ci-info: | enp0s3 | True |  fe80::3b:7bff:feb7:3b2d/64 |       .       |  link  | 02:3b:7b:b7:3b:2d |
[ 2582.686627] cloud-init[693]: ci-info: | enp0s8 | True |        192.168.100.2        | 255.255.255.0 | global | 08:00:27:4c:f4:c7 |
[ 2582.689693] cloud-init[693]: ci-info: | enp0s8 | True | fe80::a00:27ff:fe4c:f4c7/64 |       .       |  link  | 08:00:27:4c:f4:c7 |
[ 2582.692494] cloud-init[693]: ci-info: |   lo   | True |          127.0.0.1          |   255.0.0.0   |  host  |         .         |
[ 2582.695555] cloud-init[693]: ci-info: |   lo   | True |           ::1/128           |       .       |  host  |         .         |
[ 2582.698560] cloud-init[693]: ci-info: +--------+------+-----------------------------+---------------+--------+-------------------+
[ 2582.701759] cloud-init[693]: ci-info: +++++++++++++++++++++++++++++Route IPv4 info++++++++++++++++++++++++++++++
[ 2582.704334] cloud-init[693]: ci-info: +-------+---------------+----------+-----------------+-----------+-------+
[ 2582.706885] cloud-init[693]: ci-info: | Route |  Destination  | Gateway  |     Genmask     | Interface | Flags |
[ 2582.709670] cloud-init[693]: ci-info: +-------+---------------+----------+-----------------+-----------+-------+
[ 2582.712274] cloud-init[693]: ci-info: |   0   |    0.0.0.0    | 10.0.2.2 |     0.0.0.0     |   enp0s3  |   UG  |
[ 2582.714738] cloud-init[693]: ci-info: |   1   |    10.0.2.0   | 0.0.0.0  |  255.255.255.0  |   enp0s3  |   U   |
[ 2582.717408] cloud-init[693]: ci-info: |   2   |    10.0.2.2   | 0.0.0.0  | 255.255.255.255 |   enp0s3  |   UH  |
[ 2582.719875] cloud-init[693]: ci-info: |   3   | 192.168.100.0 | 0.0.0.0  |  255.255.255.0  |   enp0s8  |   U   |
[ 2582.722480] cloud-init[693]: ci-info: +-------+---------------+----------+-----------------+-----------+-------+
[ 2582.724986] cloud-init[693]: ci-info: +++++++++++++++++++Route IPv6 info+++++++++++++++++++
[ 2582.727076] cloud-init[693]: ci-info: +-------+-------------+---------+-----------+-------+
[ 2582.729644] cloud-init[693]: ci-info: | Route | Destination | Gateway | Interface | Flags |
[ 2582.731789] cloud-init[693]: ci-info: +-------+-------------+---------+-----------+-------+
[ 2582.733934] cloud-init[693]: ci-info: |   1   |  fe80::/64  |    ::   |   enp0s8  |   U   |
[ 2582.736341] cloud-init[693]: ci-info: |   2   |  fe80::/64  |    ::   |   enp0s3  |   U   |
[ 2582.738619] cloud-init[693]: ci-info: |   4   |    local    |    ::   |   enp0s3  |   U   |
[ 2582.740861] cloud-init[693]: ci-info: |   5   |    local    |    ::   |   enp0s8  |   U   |
[ 2582.743047] cloud-init[693]: ci-info: |   6   |   ff00::/8  |    ::   |   enp0s8  |   U   |
[ 2582.745193] cloud-init[693]: ci-info: |   7   |   ff00::/8  |    ::   |   enp0s3  |   U   |
[ 2582.747464] cloud-init[693]: ci-info: +-------+-------------+---------+-----------+-------+
[[0;32m  OK  [0m] Started Initial cloud-init job (metadata service crawler).
[[0;32m  OK  [0m] Reached target Cloud-config availability.
[[0;32m  OK  [0m] Reached target Network is Online.
         Starting Availability of block devices...
[[0;32m  OK  [0m] Reached target Remote File Systems (Pre).
         Mounting /vagrant...
[[0;32m  OK  [0m] Reached target System Initialization.
         Starting Socket activation for snappy daemon.
[[0;32m  OK  [0m] Started Ubuntu Advantage Timer for running repeated jobs.
[[0;32m  OK  [0m] Listening on Open-iSCSI iscsid Socket.
[[0;32m  OK  [0m] Listening on cloud-init hotplug hook socket.
[[0;32m  OK  [0m] Started Daily Cleanup of Temporary Directories.
[[0;32m  OK  [0m] Started Message of the Day.
[[0;32m  OK  [0m] Started ACPI Events Check.
[[0;32m  OK  [0m] Reached target Paths.
[[0;32m  OK  [0m] Listening on UUID daemon activation socket.
[[0;32m  OK  [0m] Listening on D-Bus System Message Bus Socket.
[[0;32m  OK  [0m] Started Discard unused blocks once a week.
[[0;32m  OK  [0m] Listening on ACPID Listen Socket.
         Starting LXD - unix socket.
[[0;32m  OK  [0m] Started Daily apt download activities.
[[0;32m  OK  [0m] Started Daily apt upgrade and clean activities.
[[0;32m  OK  [0m] Reached target Timers.
[[0;32m  OK  [0m] Started Availability of block devices.
[[0;32m  OK  [0m] Mounted /vagrant.
[[0;32m  OK  [0m] Listening on Socket activation for snappy daemon.
[[0;32m  OK  [0m] Listening on LXD - unix socket.
         Starting Cleanup of Temporary Directories...
[[0;32m  OK  [0m] Reached target Sockets.
[[0;32m  OK  [0m] Reached target Basic System.
         Starting Dispatcher daemon for systemd-networkd...
         Starting Login Service...
[[0;32m  OK  [0m] Started irqbalance daemon.
[[0;32m  OK  [0m] Started Regular background program processing daemon.
         Starting OpenBSD Secure Shell server...
[[0;32m  OK  [0m] Started D-Bus System Message Bus.
         Starting System Logging Service...
         Starting Virtualbox guest utils...
         Starting Accounts Service...
         Starting LSB: Record successful boot for GRUB...
[[0;32m  OK  [0m] Reached target Login Prompts (Pre).
[[0;32m  OK  [0m] Started FUSE filesystem for LXC.
[[0;32m  OK  [0m] Started Deferred execution scheduler.
         Starting LXD - container startup/shutdown...
         Starting Message of the Day...
         Starting Snap Daemon...
[[0;32m  OK  [0m] Reached target Remote File Systems.
         Starting Permit User Sessions...
         Starting LSB: automatic crash report generation...
[[0;32m  OK  [0m] Started Cleanup of Temporary Directories.
[[0;32m  OK  [0m] Started Login Service.
[[0;32m  OK  [0m] Started Unattended Upgrades Shutdown.
[[0;32m  OK  [0m] Started System Logging Service.
[[0;32m  OK  [0m] Started OpenBSD Secure Shell server.
[[0;32m  OK  [0m] Started Dispatcher daemon for systemd-networkd.
[[0;32m  OK  [0m] Started Permit User Sessions.
         Starting Hold until boot process finishes up...
         Starting Terminate Plymouth Boot Screen...
         Starting Authorization Manager...
[[0;32m  OK  [0m] Started Hold until boot process finishes up.
         Starting Set console scheme...
[[0;32m  OK  [0m] Started Serial Getty on ttyS0.
[[0;32m  OK  [0m] Started Terminate Plymouth Boot Screen.
[[0;32m  OK  [0m] Started LSB: Record successful boot for GRUB.
[[0;32m  OK  [0m] Started Set console scheme.
[[0;32m  OK  [0m] Created slice system-getty.slice.
[[0;32m  OK  [0m] Started Getty on tty1.
[[0;32m  OK  [0m] Reached target Login Prompts.
[[0;32m  OK  [0m] Started Virtualbox guest utils.
[[0;32m  OK  [0m] Started LSB: automatic crash report generation.
[[0;32m  OK  [0m] Started Authorization Manager.
[[0;32m  OK  [0m] Started Accounts Service.
[[0;32m  OK  [0m] Started LXD - container startup/shutdown.
[[0;32m  OK  [0m] Started Snap Daemon.
         Starting Wait until snapd is fully seeded...
         Starting Time & Date Service...
[[0;32m  OK  [0m] Started Time & Date Service.
[[0;32m  OK  [0m] Started Wait until snapd is fully seeded.
         Starting Apply the settings specified in cloud-config...
[ 2585.051378] cloud-init[1164]: Cloud-init v. 23.1.2-0ubuntu0~18.04.1 running 'modules:config' at Wed, 19 Jul 2023 16:08:09 +0000. Up 2584.96 seconds.
[[0;32m  OK  [0m] Started Apply the settings specified in cloud-config.
[[0;32m  OK  [0m] Reached target Multi-User System.
         Starting Execute cloud user/final scripts...
[[0;32m  OK  [0m] Reached target Graphical Interface.
         Starting Update UTMP about System Runlevel Changes...
[[0;32m  OK  [0m] Started Update UTMP about System Runlevel Changes.
[ 2585.528796] cloud-init[1208]: Cloud-init v. 23.1.2-0ubuntu0~18.04.1 running 'modules:final' at Wed, 19 Jul 2023 16:08:10 +0000. Up 2585.41 seconds.
[ 2585.533616] cloud-init[1208]: Cloud-init v. 23.1.2-0ubuntu0~18.04.1 finished at Wed, 19 Jul 2023 16:08:10 +0000. Datasource DataSourceNoCloud [seed=/dev/sdb][dsmode=net].  Up 2585.52 seconds
[[0;32m  OK  [0m] Started Execute cloud user/final scripts.
[[0;32m  OK  [0m] Reached target Cloud-init target.
         Starting Daily apt download activities...
         Starting Update APT News...
         Starting Update the local ESM caches...
[[0;32m  OK  [0m] Created slice User Slice of vagrant.
         Starting User Manager for UID 1000...
[[0;32m  OK  [0m] Started Session 1 of user vagrant.
[[0;32m  OK  [0m] Started User Manager for UID 1000.

Ubuntu 18.04.6 LTS clienteUbuntu ttyS0

clienteUbuntu login: [[0;32m  OK  [0m] Started Daily apt upgrade and clean activities.
